LIBJOSE_1.0 {
	global:
		jose_b64_dec;
		jose_b64_dec_buf;
		jose_b64_dec_io;
		jose_b64_dec_load;
		jose_b64_enc;
		jose_b64_enc_buf;
		jose_b64_enc_dump;
		jose_b64_enc_io;
		jose_cfg;
		jose_cfg_auto;
		jose_cfg_decref;
		jose_cfg_err;
		jose_cfg_get_err_misc;
		jose_cfg_incref;
		jose_cfg_set_err_func;
		jose_hook_alg_find;
		jose_hook_alg_list;
		jose_hook_alg_push;
		jose_hook_jwk_list;
		jose_hook_jwk_push;
		jose_io_auto;
		jose_io_buffer;
		jose_io_decref;
		jose_io_file;
		jose_io_incref;
		jose_io_malloc;
		jose_io_malloc_steal;
		jose_io_multiplex;
		jose_jwe_dec;
		jose_jwe_dec_cek;
		jose_jwe_dec_cek_io;
		jose_jwe_dec_io;
		jose_jwe_dec_jwk;
		jose_jwe_enc;
		jose_jwe_enc_cek;
		jose_jwe_enc_cek_io;
		jose_jwe_enc_io;
		jose_jwe_enc_jwk;
		jose_jwe_hdr;
		jose_jwk_eql;
		jose_jwk_exc;
		jose_jwk_gen;
		jose_jwk_prm;
		jose_jwk_pub;
		jose_jwk_thp;
		jose_jwk_thp_buf;
		jose_jws_hdr;
		jose_jws_sig;
		jose_jws_sig_io;
		jose_jws_ver;
		jose_jws_ver_io;

	local:
		*;
};

LIBJOSE_OPENSSL_1.0 {
	global:
		jose_openssl_jwk_from_EC_KEY;
		jose_openssl_jwk_from_EC_POINT;
		jose_openssl_jwk_from_EVP_PKEY;
		jose_openssl_jwk_from_RSA;
		jose_openssl_jwk_to_EC_KEY;
		jose_openssl_jwk_to_EVP_PKEY;
		jose_openssl_jwk_to_RSA;

	local:
		*;
};
